N root Root 0..91
N root/0 Frontmatter 0..84
T root/0/0 FrontmatterOpenFence 0..3 missing=false leading="" text="---" trailing=""
T root/0/1 NewlineToken 3..4 missing=false leading="" text="\n" trailing=""
N root/0/2 FrontmatterMapping 4..80
N root/0/2/0 FrontmatterEntry 4..20
T root/0/2/0/0 FrontmatterKey 4..8 missing=false leading="" text="type" trailing=""
T root/0/2/0/1 ColonToken 8..9 missing=false leading="" text=":" trailing=""
T root/0/2/0/2 FrontmatterValue 9..19 missing=false leading=" " text="uml.Class" trailing=""
T root/0/2/0/3 NewlineToken 19..20 missing=false leading="" text="\n" trailing=""
N root/0/2/1 FrontmatterEntry 20..67
T root/0/2/1/0 FrontmatterKey 20..24 missing=false leading="" text="meta" trailing=""
T root/0/2/1/1 ColonToken 24..25 missing=false leading="" text=":" trailing=""
T root/0/2/1/2 NewlineToken 25..26 missing=false leading="" text="\n" trailing=""
N root/0/2/1/3 FrontmatterMapping 26..67
N root/0/2/1/3/0 FrontmatterEntry 26..44
T root/0/2/1/3/0/0 FrontmatterKey 26..33 missing=false leading="  " text="owner" trailing=""
T root/0/2/1/3/0/1 ColonToken 33..34 missing=false leading="" text=":" trailing=""
T root/0/2/1/3/0/2 FrontmatterValue 34..43 missing=false leading=" " text="platform" trailing=""
T root/0/2/1/3/0/3 NewlineToken 43..44 missing=false leading="" text="\n" trailing=""
N root/0/2/1/3/1 FrontmatterEntry 44..67
T root/0/2/1/3/1/0 FrontmatterKey 44..52 missing=false leading="  " text="detail" trailing=""
T root/0/2/1/3/1/1 ColonToken 52..53 missing=false leading="" text=":" trailing=""
T root/0/2/1/3/1/2 NewlineToken 53..54 missing=false leading="" text="\n" trailing=""
N root/0/2/1/3/1/3 FrontmatterMapping 54..67
N root/0/2/1/3/1/3/0 FrontmatterEntry 54..67
T root/0/2/1/3/1/3/0/0 FrontmatterKey 54..63 missing=false leading="    " text="level" trailing=""
T root/0/2/1/3/1/3/0/1 ColonToken 63..64 missing=false leading="" text=":" trailing=""
T root/0/2/1/3/1/3/0/2 FrontmatterValue 64..66 missing=false leading=" " text="3" trailing=""
T root/0/2/1/3/1/3/0/3 NewlineToken 66..67 missing=false leading="" text="\n" trailing=""
N root/0/2/2 FrontmatterEntry 67..80
T root/0/2/2/0 FrontmatterKey 67..72 missing=false leading="" text="title" trailing=""
T root/0/2/2/1 ColonToken 72..73 missing=false leading="" text=":" trailing=""
T root/0/2/2/2 FrontmatterValue 73..79 missing=false leading=" " text="Order" trailing=""
T root/0/2/2/3 NewlineToken 79..80 missing=false leading="" text="\n" trailing=""
T root/0/3 FrontmatterCloseFence 80..83 missing=false leading="" text="---" trailing=""
T root/0/4 NewlineToken 83..84 missing=false leading="" text="\n" trailing=""
T root/1 NewlineToken 84..85 missing=false leading="" text="\n" trailing=""
N root/2 Paragraph 85..91
N root/2/0 Text 85..90
T root/2/0/0 TextToken 85..90 missing=false leading="" text="Body." trailing=""
T root/2/1 NewlineToken 90..91 missing=false leading="" text="\n" trailing=""
T root/3 EndOfFileToken 91..91 missing=true leading="" text="" trailing=""
