N root Root 0..37
N root/0 Heading 0..8
T root/0/0 HeadingMarkerToken 0..1 missing=false leading="" text="#" trailing=""
T root/0/1 HeadingText 1..7 missing=false leading=" " text="Title" trailing=""
T root/0/2 NewlineToken 7..8 missing=false leading="" text="\n" trailing=""
N root/1 MarkdownRegion 8..26
T root/1/0 RawTextToken 8..26 missing=false leading="" text="\nParagraph.\n\n---\n\n" trailing=""
N root/2 Heading 26..37
T root/2/0 HeadingMarkerToken 26..28 missing=false leading="" text="##" trailing=""
T root/2/1 HeadingText 28..36 missing=false leading=" " text="Section" trailing=""
T root/2/2 NewlineToken 36..37 missing=false leading="" text="\n" trailing=""
T root/3 EndOfFileToken 37..37 missing=true leading="" text="" trailing=""
