N root Root 0..37
N root/0 AtxHeading 0..8
T root/0/0 HeadingMarkerToken 0..1 missing=false leading="" text="#" trailing=""
T root/0/1 WhitespaceToken 1..2 missing=false leading="" text=" " trailing=""
T root/0/2 TextToken 2..7 missing=false leading="" text="Title" trailing=""
T root/0/3 NewlineToken 7..8 missing=false leading="" text="\n" trailing=""
T root/1 NewlineToken 8..9 missing=false leading="" text="\n" trailing=""
N root/2 Paragraph 9..20
N root/2/0 Text 9..19
T root/2/0/0 TextToken 9..19 missing=false leading="" text="Paragraph." trailing=""
T root/2/1 NewlineToken 19..20 missing=false leading="" text="\n" trailing=""
T root/3 NewlineToken 20..21 missing=false leading="" text="\n" trailing=""
N root/4 ThematicBreak 21..25
T root/4/0 ThematicBreakToken 21..24 missing=false leading="" text="---" trailing=""
T root/4/1 NewlineToken 24..25 missing=false leading="" text="\n" trailing=""
T root/5 NewlineToken 25..26 missing=false leading="" text="\n" trailing=""
N root/6 AtxHeading 26..37
T root/6/0 HeadingMarkerToken 26..28 missing=false leading="" text="##" trailing=""
T root/6/1 WhitespaceToken 28..29 missing=false leading="" text=" " trailing=""
T root/6/2 TextToken 29..36 missing=false leading="" text="Section" trailing=""
T root/6/3 NewlineToken 36..37 missing=false leading="" text="\n" trailing=""
T root/7 EndOfFileToken 37..37 missing=true leading="" text="" trailing=""
